// Jest Snapshot v1, https://goo.gl/fbAQLP

exports[`Should render the Expense dashbaord page 1`] = `
<div>
  <Connect(ExpenseListFilters) />
  <Connect(ExpenseList) />
</div>
`;

exports[`Should render the not found page 1`] = `
<div>
  404 - 
  <Link
    replace={false}
    to="/"
  >
    Go home
  </Link>
</div>
`;
